// Jest Snapshot v1, https://goo.gl/fbAQLP

exports[`Charts Component should match the snapshot 1`] = `"<div><div>Loading...</div></div>"`;
